#===============================================================================
# Copyright 2006-2020 Intel Corporation.
#
# This software and the related documents are Intel copyrighted  materials,  and
# your use of  them is  governed by the  express license  under which  they were
# provided to you (License).  Unless the License provides otherwise, you may not
# use, modify, copy, publish, distribute,  disclose or transmit this software or
# the related documents without Intel's prior written permission.
#
# This software and the related documents  are provided as  is,  with no express
# or implied  warranties,  other  than those  that are  expressly stated  in the
# License.
#===============================================================================

PDE_POISSON_C = \
d_Helmholtz_2D_c \
d_Helmholtz_3D_c \
d_Laplace_2D_c \
d_Laplace_3D_c \
d_Poisson_2D_c \
d_Poisson_3D_c \
s_Helmholtz_2D_c \
s_Helmholtz_3D_c \
s_Laplace_2D_c \
s_Laplace_3D_c \
s_Poisson_2D_c \
s_Poisson_3D_c \
d_sph_with_poles_c \
d_sph_without_poles_p_c \
s_sph_without_poles_np_c \
d_sph_without_poles_np_c \
s_sph_with_poles_c \
s_sph_without_poles_p_c
