#===============================================================================
# Copyright 2019-2020 Intel Corporation.
#
# This software and the related documents are Intel copyrighted  materials,  and
# your use of  them is  governed by the  express license  under which  they were
# provided to you (License).  Unless the License provides otherwise, you may not
# use, modify, copy, publish, distribute,  disclose or transmit this software or
# the related documents without Intel's prior written permission.
#
# This software and the related documents  are provided as  is,  with no express
# or implied  warranties,  other  than those  that are  expressly stated  in the
# License.
#===============================================================================

# add blas domain to domains_list variable
domains_list := $(domains_list) blas

# main list of functions in this domain, use format
# <domain-folder-name>/<function_name_without_extension>
blas := \
blas/sgemm \
blas/dgemm \
blas/cgemm \
blas/zgemm \
blas/cblas_sgemm \
blas/cblas_dgemm \
blas/cblas_cgemm \
blas/cblas_zgemm \
blas/sgemv \
blas/dgemv \
blas/cgemv \
blas/zgemv \
blas/cblas_sgemv \
blas/cblas_dgemv \
blas/cblas_cgemv \
blas/cblas_zgemv \
blas/sger \
blas/dger \
blas/cblas_sger \
blas/cblas_dger \
blas/cblas_dgemm_batch \
blas/cblas_cgemm_batch \
blas/sgemm_batch \
blas/zgemm_batch


