#===============================================================================
# Copyright 2003-2020 Intel Corporation.
#
# This software and the related documents are Intel copyrighted  materials,  and
# your use of  them is  governed by the  express license  under which  they were
# provided to you (License).  Unless the License provides otherwise, you may not
# use, modify, copy, publish, distribute,  disclose or transmit this software or
# the related documents without Intel's prior written permission.
#
# This software and the related documents  are provided as  is,  with no express
# or implied  warranties,  other  than those  that are  expressly stated  in the
# License.
#===============================================================================

BLAS = $(L1) $(L2) $(L3)
BLAS_90 = mkl_jit_create_dgemm mkl_jit_create_sgemm mkl_jit_create_zgemm mkl_jit_create_cgemm
#--------------------------------------------------------------------------
L1 = $(S1) $(D1) $(C1) $(Z1)
L2 = $(S2) $(D2) $(C2) $(Z2)
L3 = $(S3) $(D3) $(C3) $(Z3) $(I8) $(I16)
#--------------------------------------------------------------------------
S1 =  sasum saxpyi saxpy scopy  sswap isamax isamin  snrm2  sdot \
      sdoti   srot srotg srotm srotmg  sscal  sroti saxpby
D1 =  dasum daxpyi daxpy dcopy  dswap idamax idamin  dnrm2  ddot \
      ddoti   drot drotg drotm drotmg  dscal  droti daxpby
C1 = scasum caxpyi caxpy ccopy  cswap icamax icamin scnrm2 cdotc \
     cdotci  csrot crotg cdotu cdotui  cscal csscal caxpby
Z1 = dzasum zaxpyi zaxpy zcopy  zswap izamax izamin dznrm2 zdotc \
     zdotci  zdrot zrotg zdotu zdotui  zscal zdscal zaxpby
#--------------------------------------------------------------------------
S2 =  sgbmv  sgemv  sger         ssbmv  ssymv   ssyr  ssyr2 sspmv \
       sspr  sspr2 stbmv stbsv  stpmv  stpsv  strmv  strsv sgem2vu
D2 =  dgbmv  dgemv  dger         dsbmv  dsymv   dsyr  dsyr2 dspmv \
       dspr  dspr2 dtbmv dtbsv  dtpmv  dtpsv  dtrmv  dtrsv dgem2vu
C2 =  cgbmv  cgemv cgerc cgeru  chbmv  chemv   cher  cher2 chpmv \
       chpr  chpr2 ctbmv ctbsv  ctpmv  ctpsv  ctrmv  ctrsv cgem2vc scgemv
Z2 =  zgbmv  zgemv zgerc zgeru  zhbmv  zhemv   zher  zher2 zhpmv \
       zhpr  zhpr2 ztbmv ztbsv  ztpmv  ztpsv  ztrmv  ztrsv zgem2vc dzgemv
#--------------------------------------------------------------------------
S3 =  sgemm ssyrk ssyr2k sgthr sgthrz  ssctr  ssymm  strmm strsm \
      sgemm_batch sgemmt sgemm_compute strsm_batch
D3 =  dgemm dsyrk dsyr2k dgthr dgthrz  dsctr  dsymm  dtrmm dtrsm \
      dgemm_batch dgemmt dgemm_compute dtrsm_batch
C3 =  cgemm csyrk csyr2k cgthr cgthrz  csctr  csymm  ctrmm ctrsm \
      chemm cherk cher2k cgemm3m scgemm cgemm_batch cgemm3m_batch \
      cgemmt ctrsm_batch
Z3 =  zgemm zsyrk zsyr2k zgthr zgthrz  zsctr  zsymm  ztrmm ztrsm \
      zhemm zherk zher2k zgemm3m dzgemm zgemm_batch zgemm3m_batch \
      zgemmt ztrsm_batch
#--------------------------------------------------------------------------
I8 = gemm_s8u8s32_compute
I16 = gemm_s16s16s32_compute
