#===============================================================================
# Copyright 2018-2020 Intel Corporation.
#
# This software and the related documents are Intel copyrighted  materials,  and
# your use of  them is  governed by the  express license  under which  they were
# provided to you (License).  Unless the License provides otherwise, you may not
# use, modify, copy, publish, distribute,  disclose or transmit this software or
# the related documents without Intel's prior written permission.
#
# This software and the related documents  are provided as  is,  with no express
# or implied  warranties,  other  than those  that are  expressly stated  in the
# License.
#===============================================================================

# add vml domain to domains_list variable
domains_list := $(domains_list) vml

# main list of functions in this domain, use format
# <domain-folder-name>/<function_name_without_extension>

vml_common := \
vml/vabs \
vml/vabs_usm \
vml/vacos \
vml/vacosh \
vml/vacosh_usm \
vml/vacospi \
vml/vacospi_usm \
vml/vacos_usm \
vml/vadd \
vml/vadd_usm \
vml/varg \
vml/varg_usm \
vml/vasin \
vml/vasinh \
vml/vasinh_usm \
vml/vasinpi \
vml/vasinpi_usm \
vml/vasin_usm \
vml/vatan2 \
vml/vatan2pi \
vml/vatan2pi_usm \
vml/vatan2_usm \
vml/vatan \
vml/vatanh \
vml/vatanh_usm \
vml/vatanpi \
vml/vatanpi_usm \
vml/vatan_usm \
vml/vcbrt \
vml/vcbrt_usm \
vml/vcdfnorm \
vml/vcdfnorminv \
vml/vcdfnorminv_usm \
vml/vcdfnorm_usm \
vml/vceil \
vml/vceil_usm \
vml/vchain_usm \
vml/vcis \
vml/vcis_usm \
vml/vconj \
vml/vconj_usm \
vml/vcopysign \
vml/vcopysign_usm \
vml/vcos \
vml/vcosd \
vml/vcosd_usm \
vml/vcosh \
vml/vcosh_usm \
vml/vcospi \
vml/vcospi_usm \
vml/vcos_usm \
vml/vdiv \
vml/vdiv_usm \
vml/verfc \
vml/verfcinv \
vml/verfcinv_usm \
vml/verf \
vml/verfc_usm \
vml/verfinv \
vml/verfinv_usm \
vml/verf_usm \
vml/vexp10 \
vml/vexp10_usm \
vml/vexp2 \
vml/vexp2_usm \
vml/vexp \
vml/vexpint1 \
vml/vexpint1_usm \
vml/vexpm1 \
vml/vexpm1_usm \
vml/vexp_usm \
vml/vfdim \
vml/vfdim_usm \
vml/vfloor \
vml/vfloor_usm \
vml/vfmax \
vml/vfmax_usm \
vml/vfmin \
vml/vfmin_usm \
vml/vfmod \
vml/vfmod_usm \
vml/vfrac \
vml/vfrac_usm \
vml/vhypot \
vml/vhypot_usm \
vml/vinvcbrt \
vml/vinvcbrt_usm \
vml/vinv \
vml/vinvsqrt \
vml/vinvsqrt_usm \
vml/vinv_usm \
vml/vlgamma \
vml/vlgamma_usm \
vml/vlinearfrac \
vml/vlinearfrac_usm \
vml/vln \
vml/vln_usm \
vml/vlog10 \
vml/vlog10_usm \
vml/vlog1p \
vml/vlog1p_usm \
vml/vlog2 \
vml/vlog2_usm \
vml/vlogb \
vml/vlogb_usm \
vml/vmaxmag \
vml/vmaxmag_usm \
vml/vminmag \
vml/vminmag_usm \
vml/vmodf \
vml/vmodf_usm \
vml/vmulbyconj \
vml/vmulbyconj_usm \
vml/vmul \
vml/vmul_usm \
vml/vnearbyint \
vml/vnearbyint_usm \
vml/vnextafter \
vml/vnextafter_usm \
vml/vpow2o3 \
vml/vpow2o3_usm \
vml/vpow3o2 \
vml/vpow3o2_usm \
vml/vpow \
vml/vpowr \
vml/vpowr_usm \
vml/vpow_usm \
vml/vpowx \
vml/vpowx_usm \
vml/vremainder \
vml/vremainder_usm \
vml/vrint \
vml/vrint_usm \
vml/vround \
vml/vround_usm \
vml/vsincos \
vml/vsincos_usm \
vml/vsin \
vml/vsind \
vml/vsind_usm \
vml/vsinh \
vml/vsinh_usm \
vml/vsinpi \
vml/vsinpi_usm \
vml/vsin_usm \
vml/vsqr \
vml/vsqrt \
vml/vsqrt_usm \
vml/vsqr_usm \
vml/vsub \
vml/vsub_usm \
vml/vtan \
vml/vtand \
vml/vtand_usm \
vml/vtanh \
vml/vtanh_usm \
vml/vtanpi \
vml/vtanpi_usm \
vml/vtan_usm \
vml/vtgamma \
vml/vtgamma_usm \
vml/vtrunc \
vml/vtrunc_usm \
vml/vm_api_demo \
vml/vstatus


# supports SYCL CPU device offloading
vml_cpu := $(vml_common)

# supports SYCL GPU device offloading
vml_gpu := $(vml_common)

# supports running on sycl host
vml_host := $(vml_common)

# sorts and removes duplicates from between cpu gpu and host vml lists
vml_all := $(sort $(vml_gpu) $(vml_cpu) $(vml_host))

