#===============================================================================
# Copyright 2005-2020 Intel Corporation.
#
# This software and the related documents are Intel copyrighted  materials,  and
# your use of  them is  governed by the  express license  under which  they were
# provided to you (License).  Unless the License provides otherwise, you may not
# use, modify, copy, publish, distribute,  disclose or transmit this software or
# the related documents without Intel's prior written permission.
#
# This software and the related documents  are provided as  is,  with no express
# or implied  warranties,  other  than those  that are  expressly stated  in the
# License.
#===============================================================================

SRC_F90 = dasumx daxpyix daxpyx dcopyx ddotix ddotx \
          dgbmvx dgemmx dgemvx dgerx dgthrx dgthrzx \
          dtbmvx dtbsvx dtpmvx dtpsvx dtrmmx dtrmvx \
          dtrsmx dtrsvx dnrm2x drotgx drotix drotmx  \
          drotmgx drotx dzasumx dznrm2x dspr2x dsprx \
          dsyr2kx dsyr2x dsyrkx dsyrx dgemm_batchx \
          dgemmtx

