#===============================================================================
# Copyright 2018-2020 Intel Corporation.
#
# This software and the related documents are Intel copyrighted  materials,  and
# your use of  them is  governed by the  express license  under which  they were
# provided to you (License).  Unless the License provides otherwise, you may not
# use, modify, copy, publish, distribute,  disclose or transmit this software or
# the related documents without Intel's prior written permission.
#
# This software and the related documents  are provided as  is,  with no express
# or implied  warranties,  other  than those  that are  expressly stated  in the
# License.
#===============================================================================

# add vml domain to domains_list variable
domains_list := $(domains_list) vml

# main list of functions in this domain, use format
# <domain-folder-name>/<function_name_without_extension>

vml := \
vml/vabs \
vml/vacos \
vml/vacosh \
vml/vacospi \
vml/vadd \
vml/varg \
vml/vasin \
vml/vasinh \
vml/vasinpi \
vml/vatan \
vml/vatan2 \
vml/vatan2pi \
vml/vatanh \
vml/vatanpi \
vml/vcis \
vml/vcbrt \
vml/vcdfnorm \
vml/vcdfnorminv \
vml/vceil \
vml/vconj \
vml/vcopysign \
vml/vcos \
vml/vcosd \
vml/vcosh \
vml/vcospi \
vml/vdiv \
vml/verf \
vml/verfinv \
vml/verfc \
vml/verfcinv \
vml/vexp \
vml/vexp10 \
vml/vexp2 \
vml/vexpint1 \
vml/vexpm1 \
vml/vfdim \
vml/vfloor \
vml/vfmax \
vml/vfmin \
vml/vfmod \
vml/vfrac \
vml/vhypot \
vml/vinv \
vml/vinvcbrt \
vml/vinvsqrt \
vml/vlgamma \
vml/vlinearfrac \
vml/vln \
vml/vlog10 \
vml/vlog1p \
vml/vlog2 \
vml/vlogb \
vml/vmaxmag \
vml/vminmag \
vml/vmodf \
vml/vmul \
vml/vmulbyconj \
vml/vnearbyint \
vml/vnextafter \
vml/vpow \
vml/vpow2o3 \
vml/vpow3o2 \
vml/vpowr \
vml/vpowx \
vml/vremainder \
vml/vrint \
vml/vround \
vml/vsin \
vml/vsincos \
vml/vsind \
vml/vsinh \
vml/vsinpi \
vml/vsqr \
vml/vsqrt \
vml/vsub \
vml/vtgamma \
vml/vtan \
vml/vtand \
vml/vtanh \
vml/vtanpi \
vml/vtrunc
